gplink-0.13.7 beta
Map File - Created 6-28-2010  07:46:23
 
                                 Section Info
                  Section       Type    Address   Location Size(Bytes)
                ---------  ---------  ---------  ---------  ---------
                  STARTUP       code   00000000    program   0x000008
                code_mstr       code   0x000004    program   0x000138
               code_idata       code   0x0000a0    program   0x000128
                    .code       code   0x000134    program   0x000068
                   .cinit       code   0x000168    program   0x000010
             ID_idata_0_i       code   0x000170    program   0x000002
               ID_idata_0      idata   0x000031       data   0x000001
      UD_abs_pic16f876a_0      udata   00000000       data   0x000001
      UD_abs_pic16f876a_1      udata   0x000001       data   0x000001
      UD_abs_pic16f876a_2      udata   0x000002       data   0x000001
      UD_abs_pic16f876a_3      udata   0x000003       data   0x000001
      UD_abs_pic16f876a_4      udata   0x000004       data   0x000001
      UD_abs_pic16f876a_5      udata   0x000005       data   0x000001
      UD_abs_pic16f876a_6      udata   0x000006       data   0x000001
      UD_abs_pic16f876a_7      udata   0x000007       data   0x000001
      UD_abs_pic16f876a_a      udata   0x00000a       data   0x000001
      UD_abs_pic16f876a_b      udata   0x00000b       data   0x000001
      UD_abs_pic16f876a_c      udata   0x00000c       data   0x000001
      UD_abs_pic16f876a_d      udata   0x00000d       data   0x000001
      UD_abs_pic16f876a_e      udata   0x00000e       data   0x000001
      UD_abs_pic16f876a_f      udata   0x00000f       data   0x000001
     UD_abs_pic16f876a_10      udata   0x000010       data   0x000001
     UD_abs_pic16f876a_11      udata   0x000011       data   0x000001
     UD_abs_pic16f876a_12      udata   0x000012       data   0x000001
     UD_abs_pic16f876a_13      udata   0x000013       data   0x000001
     UD_abs_pic16f876a_14      udata   0x000014       data   0x000001
     UD_abs_pic16f876a_15      udata   0x000015       data   0x000001
     UD_abs_pic16f876a_16      udata   0x000016       data   0x000001
     UD_abs_pic16f876a_17      udata   0x000017       data   0x000001
     UD_abs_pic16f876a_18      udata   0x000018       data   0x000001
     UD_abs_pic16f876a_19      udata   0x000019       data   0x000001
     UD_abs_pic16f876a_1a      udata   0x00001a       data   0x000001
     UD_abs_pic16f876a_1b      udata   0x00001b       data   0x000001
     UD_abs_pic16f876a_1c      udata   0x00001c       data   0x000001
     UD_abs_pic16f876a_1d      udata   0x00001d       data   0x000001
     UD_abs_pic16f876a_1e      udata   0x00001e       data   0x000001
     UD_abs_pic16f876a_1f      udata   0x00001f       data   0x000001
              UDL_idata_0      udata   0x000020       data   0x00000c
               UDL_mstr_0      udata   0x00002c       data   0x000005
                sharebank      udata   0x000070       data   0x000010
     UD_abs_pic16f876a_81      udata   0x000081       data   0x000001
     UD_abs_pic16f876a_85      udata   0x000085       data   0x000001
     UD_abs_pic16f876a_86      udata   0x000086       data   0x000001
     UD_abs_pic16f876a_87      udata   0x000087       data   0x000001
     UD_abs_pic16f876a_8c      udata   0x00008c       data   0x000001
     UD_abs_pic16f876a_8d      udata   0x00008d       data   0x000001
     UD_abs_pic16f876a_8e      udata   0x00008e       data   0x000001
     UD_abs_pic16f876a_91      udata   0x000091       data   0x000001
     UD_abs_pic16f876a_92      udata   0x000092       data   0x000001
     UD_abs_pic16f876a_93      udata   0x000093       data   0x000001
     UD_abs_pic16f876a_94      udata   0x000094       data   0x000001
     UD_abs_pic16f876a_98      udata   0x000098       data   0x000001
     UD_abs_pic16f876a_99      udata   0x000099       data   0x000001
     UD_abs_pic16f876a_9c      udata   0x00009c       data   0x000001
     UD_abs_pic16f876a_9d      udata   0x00009d       data   0x000001
     UD_abs_pic16f876a_9e      udata   0x00009e       data   0x000001
     UD_abs_pic16f876a_9f      udata   0x00009f       data   0x000001
    UD_abs_pic16f876a_10c      udata   0x00010c       data   0x000001
    UD_abs_pic16f876a_10d      udata   0x00010d       data   0x000001
    UD_abs_pic16f876a_10e      udata   0x00010e       data   0x000001
    UD_abs_pic16f876a_10f      udata   0x00010f       data   0x000001
    UD_abs_pic16f876a_18c      udata   0x00018c       data   0x000001
    UD_abs_pic16f876a_18d      udata   0x00018d       data   0x000001
 
                              Program Memory Usage
                               Start         End
                           ---------   ---------
                            00000000    0x000003
                            0x000004    0x00009f
                            0x000170    0x000170
                            0x0000a0    0x000133
                            0x000134    0x000167
                            0x000168    0x00016f
 
                            369 program addresses used
 
                              Symbols
                     Name    Address   Location    Storage File
                ---------  ---------  ---------  --------- ---------
                    PSAVE   0x000070       data     extern mstr.c
                    SSAVE   0x000071       data     extern mstr.c
                    WSAVE   0x000072       data     extern mstr.c
                    STK12   0x000073       data     extern mstr.c
                    STK11   0x000074       data     extern mstr.c
                    STK10   0x000075       data     extern mstr.c
                    STK09   0x000076       data     extern mstr.c
                    STK08   0x000077       data     extern mstr.c
                    STK07   0x000078       data     extern mstr.c
                    STK06   0x000079       data     extern mstr.c
                    STK05   0x00007a       data     extern mstr.c
                    STK04   0x00007b       data     extern mstr.c
                    STK03   0x00007c       data     extern mstr.c
                    STK02   0x00007d       data     extern mstr.c
                    STK01   0x00007e       data     extern mstr.c
                    STK00   0x00007f       data     extern mstr.c
                  r0x1000   0x00002c       data     static mstr.c
                  r0x1001   0x00002d       data     static mstr.c
                  r0x1002   0x00002e       data     static mstr.c
                  r0x1003   0x00002f       data     static mstr.c
                  r0x1004   0x000030       data     static mstr.c
                    _main   0x000004    program     extern mstr.c
               _00140_DS_   0x000011    program     static mstr.c
               _00137_DS_   0x000020    program     static mstr.c
               _00134_DS_   0x00002f    program     static mstr.c
              _enviar_i2c   0x00003a    program     extern mstr.c
             _I2CSendByte   0x000050    program     extern mstr.c
               _00120_DS_   0x000054    program     static mstr.c
               _00118_DS_   0x000060    program     static mstr.c
               _00119_DS_   0x000063    program     static mstr.c
               _00124_DS_   0x000078    program     static mstr.c
             _I2CSendStop   0x000079    program     extern mstr.c
            _I2CSendStart   0x000087    program     extern mstr.c
                _I2CDelay   0x000099    program     extern mstr.c
                  r0x1001   0x000020       data     static ../build/libsdcc/idata.asm
                  r0x1000   0x000021       data     static ../build/libsdcc/idata.asm
                  r0x1002   0x000022       data     static ../build/libsdcc/idata.asm
                  r0x1003   0x000023       data     static ../build/libsdcc/idata.asm
                  r0x1004   0x000024       data     static ../build/libsdcc/idata.asm
                  r0x1005   0x000025       data     static ../build/libsdcc/idata.asm
                  r0x1007   0x000026       data     static ../build/libsdcc/idata.asm
                  r0x1006   0x000027       data     static ../build/libsdcc/idata.asm
                  r0x1009   0x000028       data     static ../build/libsdcc/idata.asm
                  r0x1008   0x000029       data     static ../build/libsdcc/idata.asm
                  r0x100B   0x00002a       data     static ../build/libsdcc/idata.asm
                  r0x100A   0x00002b       data     static ../build/libsdcc/idata.asm
             _force_cinit   0x000031       data     static ../build/libsdcc/idata.asm
    __sdcc_gsinit_startup   0x0000a0    program     extern ../build/libsdcc/idata.asm
       _code_idata_000008   0x0000a8    program     static ../build/libsdcc/idata.asm
               _00108_DS_   0x0000b3    program     static ../build/libsdcc/idata.asm
       _code_idata_000030   0x0000d0    program     static ../build/libsdcc/idata.asm
       _code_idata_00003f   0x0000df    program     static ../build/libsdcc/idata.asm
       _code_idata_000057   0x0000f7    program     static ../build/libsdcc/idata.asm
               _00105_DS_   0x000100    program     static ../build/libsdcc/idata.asm
       _code_idata_000076   0x000116    program     static ../build/libsdcc/idata.asm
               _00107_DS_   0x000129    program     static ../build/libsdcc/idata.asm
               _00110_DS_   0x000130    program     static ../build/libsdcc/idata.asm
                __gptrget   0x000134    program     extern _gptrget1.Spp
               __gptrget1   0x000134    program     extern _gptrget1.Spp
            __dataptrget1   0x00013b    program     static _gptrget1.Spp
            __codeptrget1   0x000142    program     extern _gptrget1.Spp
               __gptrget2   0x000147    program     extern _gptrget2.Spp
            __dataptrget2   0x00014f    program     static _gptrget2.Spp
            __codeptrget2   0x000159    program     static _gptrget2.Spp
                    _INDF   00000000       data     extern pic16f876a.asm
                    _TMR0   0x000001       data     extern pic16f876a.asm
                     _PCL   0x000002       data     extern pic16f876a.asm
             _STATUS_bits   0x000003       data     extern pic16f876a.asm
                  _STATUS   0x000003       data     extern pic16f876a.asm
                     _FSR   0x000004       data     extern pic16f876a.asm
              _PORTA_bits   0x000005       data     extern pic16f876a.asm
                   _PORTA   0x000005       data     extern pic16f876a.asm
              _PORTB_bits   0x000006       data     extern pic16f876a.asm
                   _PORTB   0x000006       data     extern pic16f876a.asm
              _PORTC_bits   0x000007       data     extern pic16f876a.asm
                   _PORTC   0x000007       data     extern pic16f876a.asm
                  _PCLATH   0x00000a       data     extern pic16f876a.asm
             _INTCON_bits   0x00000b       data     extern pic16f876a.asm
                  _INTCON   0x00000b       data     extern pic16f876a.asm
               _PIR1_bits   0x00000c       data     extern pic16f876a.asm
                    _PIR1   0x00000c       data     extern pic16f876a.asm
               _PIR2_bits   0x00000d       data     extern pic16f876a.asm
                    _PIR2   0x00000d       data     extern pic16f876a.asm
                   _TMR1L   0x00000e       data     extern pic16f876a.asm
                   _TMR1H   0x00000f       data     extern pic16f876a.asm
              _T1CON_bits   0x000010       data     extern pic16f876a.asm
                   _T1CON   0x000010       data     extern pic16f876a.asm
                    _TMR2   0x000011       data     extern pic16f876a.asm
              _T2CON_bits   0x000012       data     extern pic16f876a.asm
                   _T2CON   0x000012       data     extern pic16f876a.asm
                  _SSPBUF   0x000013       data     extern pic16f876a.asm
             _SSPCON_bits   0x000014       data     extern pic16f876a.asm
                  _SSPCON   0x000014       data     extern pic16f876a.asm
                  _CCPR1L   0x000015       data     extern pic16f876a.asm
                  _CCPR1H   0x000016       data     extern pic16f876a.asm
            _CCP1CON_bits   0x000017       data     extern pic16f876a.asm
                 _CCP1CON   0x000017       data     extern pic16f876a.asm
              _RCSTA_bits   0x000018       data     extern pic16f876a.asm
                   _RCSTA   0x000018       data     extern pic16f876a.asm
                   _TXREG   0x000019       data     extern pic16f876a.asm
                   _RCREG   0x00001a       data     extern pic16f876a.asm
                  _CCPR2L   0x00001b       data     extern pic16f876a.asm
                  _CCPR2H   0x00001c       data     extern pic16f876a.asm
            _CCP2CON_bits   0x00001d       data     extern pic16f876a.asm
                 _CCP2CON   0x00001d       data     extern pic16f876a.asm
                  _ADRESH   0x00001e       data     extern pic16f876a.asm
             _ADCON0_bits   0x00001f       data     extern pic16f876a.asm
                  _ADCON0   0x00001f       data     extern pic16f876a.asm
         _OPTION_REG_bits   0x000081       data     extern pic16f876a.asm
              _OPTION_REG   0x000081       data     extern pic16f876a.asm
              _TRISA_bits   0x000085       data     extern pic16f876a.asm
                   _TRISA   0x000085       data     extern pic16f876a.asm
              _TRISB_bits   0x000086       data     extern pic16f876a.asm
                   _TRISB   0x000086       data     extern pic16f876a.asm
              _TRISC_bits   0x000087       data     extern pic16f876a.asm
                   _TRISC   0x000087       data     extern pic16f876a.asm
               _PIE1_bits   0x00008c       data     extern pic16f876a.asm
                    _PIE1   0x00008c       data     extern pic16f876a.asm
               _PIE2_bits   0x00008d       data     extern pic16f876a.asm
                    _PIE2   0x00008d       data     extern pic16f876a.asm
               _PCON_bits   0x00008e       data     extern pic16f876a.asm
                    _PCON   0x00008e       data     extern pic16f876a.asm
            _SSPCON2_bits   0x000091       data     extern pic16f876a.asm
                 _SSPCON2   0x000091       data     extern pic16f876a.asm
                     _PR2   0x000092       data     extern pic16f876a.asm
                  _SSPADD   0x000093       data     extern pic16f876a.asm
            _SSPSTAT_bits   0x000094       data     extern pic16f876a.asm
                 _SSPSTAT   0x000094       data     extern pic16f876a.asm
              _TXSTA_bits   0x000098       data     extern pic16f876a.asm
                   _TXSTA   0x000098       data     extern pic16f876a.asm
                   _SPBRG   0x000099       data     extern pic16f876a.asm
              _CMCON_bits   0x00009c       data     extern pic16f876a.asm
                   _CMCON   0x00009c       data     extern pic16f876a.asm
             _CVRCON_bits   0x00009d       data     extern pic16f876a.asm
                  _CVRCON   0x00009d       data     extern pic16f876a.asm
                  _ADRESL   0x00009e       data     extern pic16f876a.asm
             _ADCON1_bits   0x00009f       data     extern pic16f876a.asm
                  _ADCON1   0x00009f       data     extern pic16f876a.asm
                  _EEDATA   0x00010c       data     extern pic16f876a.asm
                   _EEADR   0x00010d       data     extern pic16f876a.asm
                  _EEDATH   0x00010e       data     extern pic16f876a.asm
                  _EEADRH   0x00010f       data     extern pic16f876a.asm
             _EECON1_bits   0x00018c       data     extern pic16f876a.asm
                  _EECON1   0x00018c       data     extern pic16f876a.asm
                  _EECON2   0x00018d       data     extern pic16f876a.asm
                   _cinit   0x000168    program     extern mstr.c
 
