ASxxxx Linker V02.00 + NoICE + sdld,  page 1.
Hexadecimal

Area                               Addr   Size   Decimal Bytes (Attributes)
--------------------------------   ----   ----   ------- ----- ------------
CABS                               0000   0000 =      0. bytes (ABS,CON,CODE)

      Value  Global                              Global Defined In Module
      -----  ---------------------------------   ------------------------
       0C:  FFFFFF00  s_BSEG                           
       0C:  0000  l_BIT_BANK                       
       0C:  0000  l_BSEG                           
       0C:  0000  l_BSEG_BYTES                     
       0C:  0000  l_CABS                           
       0C:  0000  l_GSINIT                         
       0C:  0000  l_GSINIT1                        
       0C:  0000  l_GSINIT5                        
       0C:  0000  l_IABS                           
       0C:  0000  l_ISEG                           
       0C:  0000  l_PSEG                           
       0C:  0000  l_REG_BANK_1                     
       0C:  0000  l_REG_BANK_2                     
       0C:  0000  l_REG_BANK_3                     
       0C:  0000  l_RSEG                           
       0C:  0000  l_RSEG0                          
       0C:  0000  l_RSEG1                          
       0C:  0000  l_XABS                           
       0C:  0000  l_XINIT                          
       0C:  0000  l_XISEG                          
       0C:  0000  l_XSEG                           
       0C:  0000  l__CODE                          
       0C:  0000  s_BSEG_BYTES                     
       0C:  0000  s_CABS                           
       0C:  0000  s_DSEG                           
       0C:  0000  s_HOME                           
       0C:  0000  s_IABS                           
       0C:  0000  s_ISEG                           
       0C:  0000  s_PSEG                           
       0C:  0000  s_REG_BANK_0                     
       0C:  0000  s_RSEG                           
       0C:  0000  s_RSEG0                          
       0C:  0000  s_RSEG1                          
       0C:  0000  s_XABS                           
       0C:  0000  s_XISEG                          
       0C:  0000  s_XSEG                           
       0C:  0003  l_GSFINAL                        
       0C:  0003  l_GSINIT0                        
       0C:  0006  l_OSEG                           
       0C:  0008  l_CONST                          
       0C:  0008  l_HOME                           
       0C:  0008  l_REG_BANK_0                     
       0C:  0008  s_GSINIT0                        
       0C:  0008  s_REG_BANK_1                     
       0C:  000A  l_GSINIT2                        
       0C:  000B  s_GSINIT1                        
       0C:  000B  s_GSINIT2                        
       0C:  0010  s_REG_BANK_2                     
       0C:  0012  s_OSEG                           
       0C:  0015  s_GSINIT3                        
ASxxxx Linker V02.00 + NoICE + sdld,  page 2.
Hexadecimal

Area                               Addr   Size   Decimal Bytes (Attributes)
--------------------------------   ----   ----   ------- ----- ------------
CABS                               0000   0000 =      0. bytes (ABS,CON,CODE)

      Value  Global                              Global Defined In Module
      -----  ---------------------------------   ------------------------
       0C:  0018  s_BIT_BANK                       
       0C:  0018  s_REG_BANK_3                     
       0C:  0018  s_SSEG                           
       0C:  0020  s__CODE                          
       0C:  0022  l_GSINIT3                        
       0C:  002A  l_GSINIT4                        
       0C:  0037  s_GSINIT4                        
       0C:  0061  s_GSFINAL                        
       0C:  0061  s_GSINIT                         
       0C:  0061  s_GSINIT5                        
       0C:  0064  s_CSEG                           
       0C:  0080  l_DSEG                           
       0C:  008B  l_CSEG                           
       0C:  00E8  l_SSEG                           
       0C:  00EF  s_CONST                          
       0C:  00F7  s_XINIT                          
       0C:  0100  l_IRAM                           

ASxxxx Linker V02.00 + NoICE + sdld,  page 3.
Hexadecimal

Area                               Addr   Size   Decimal Bytes (Attributes)
--------------------------------   ----   ----   ------- ----- ------------
XABS                               0000   0000 =      0. bytes (ABS,CON,XDATA)

      Value  Global                              Global Defined In Module
      -----  ---------------------------------   ------------------------
ASxxxx Linker V02.00 + NoICE + sdld,  page 4.
Hexadecimal

Area                               Addr   Size   Decimal Bytes (Attributes)
--------------------------------   ----   ----   ------- ----- ------------
IABS                               0000   0000 =      0. bytes (ABS,CON)

      Value  Global                              Global Defined In Module
      -----  ---------------------------------   ------------------------
ASxxxx Linker V02.00 + NoICE + sdld,  page 5.
Hexadecimal

Area                               Addr   Size   Decimal Bytes (Attributes)
--------------------------------   ----   ----   ------- ----- ------------
RSEG1                              0000   0000 =      0. bytes (ABS,CON)

      Value  Global                              Global Defined In Module
      -----  ---------------------------------   ------------------------
ASxxxx Linker V02.00 + NoICE + sdld,  page 6.
Hexadecimal

Area                               Addr   Size   Decimal Bytes (Attributes)
--------------------------------   ----   ----   ------- ----- ------------
RSEG0                              0000   0000 =      0. bytes (ABS,CON)

      Value  Global                              Global Defined In Module
      -----  ---------------------------------   ------------------------
ASxxxx Linker V02.00 + NoICE + sdld,  page 7.
Hexadecimal

Area                               Addr   Size   Decimal Bytes (Attributes)
--------------------------------   ----   ----   ------- ----- ------------
RSEG                               0000   0000 =      0. bytes (ABS,CON)

      Value  Global                              Global Defined In Module
      -----  ---------------------------------   ------------------------
ASxxxx Linker V02.00 + NoICE + sdld,  page 8.
Hexadecimal

Area                               Addr   Size   Decimal Bytes (Attributes)
--------------------------------   ----   ----   ------- ----- ------------
.	.ABS.                            0000   0000 =      0. bytes (ABS,CON)

      Value  Global                              Global Defined In Module
      -----  ---------------------------------   ------------------------
            0000  .__.ABS.                         
            00A0  __XPAGE                          
            00F5  _B_5                             
            00F6  _B_6                             
            00F7  _B_7                             

ASxxxx Linker V02.00 + NoICE + sdld,  page 9.
Hexadecimal

Area                               Addr   Size   Decimal Bytes (Attributes)
--------------------------------   ----   ----   ------- ----- ------------
BSEG_BYTES                         0000   0000 =      0. bytes (REL,CON)

      Value  Global                              Global Defined In Module
      -----  ---------------------------------   ------------------------
ASxxxx Linker V02.00 + NoICE + sdld,  page 10.
Hexadecimal

Area                               Addr   Size   Decimal Bytes (Attributes)
--------------------------------   ----   ----   ------- ----- ------------
_CODE                              0020   0000 =      0. bytes (REL,CON)

      Value  Global                              Global Defined In Module
      -----  ---------------------------------   ------------------------
ASxxxx Linker V02.00 + NoICE + sdld,  page 11.
Hexadecimal

Area                               Addr   Size   Decimal Bytes (Attributes)
--------------------------------   ----   ----   ------- ----- ------------
REG_BANK_0                         0000   0008 =      8. bytes (REL,OVR)

      Value  Global                              Global Defined In Module
      -----  ---------------------------------   ------------------------
ASxxxx Linker V02.00 + NoICE + sdld,  page 12.
Hexadecimal

Area                               Addr   Size   Decimal Bytes (Attributes)
--------------------------------   ----   ----   ------- ----- ------------
REG_BANK_1                         0008   0000 =      0. bytes (REL,OVR)

      Value  Global                              Global Defined In Module
      -----  ---------------------------------   ------------------------
ASxxxx Linker V02.00 + NoICE + sdld,  page 13.
Hexadecimal

Area                               Addr   Size   Decimal Bytes (Attributes)
--------------------------------   ----   ----   ------- ----- ------------
REG_BANK_2                         0010   0000 =      0. bytes (REL,OVR)

      Value  Global                              Global Defined In Module
      -----  ---------------------------------   ------------------------
ASxxxx Linker V02.00 + NoICE + sdld,  page 14.
Hexadecimal

Area                               Addr   Size   Decimal Bytes (Attributes)
--------------------------------   ----   ----   ------- ----- ------------
REG_BANK_3                         0018   0000 =      0. bytes (REL,OVR)

      Value  Global                              Global Defined In Module
      -----  ---------------------------------   ------------------------
ASxxxx Linker V02.00 + NoICE + sdld,  page 15.
Hexadecimal

Area                               Addr   Size   Decimal Bytes (Attributes)
--------------------------------   ----   ----   ------- ----- ------------
BSEG                               FFFFFF00   0000 =      0. bytes (REL,CON,BIT)

      Value  Global                              Global Defined In Module
      -----  ---------------------------------   ------------------------
ASxxxx Linker V02.00 + NoICE + sdld,  page 16.
Hexadecimal

Area                               Addr   Size   Decimal Bytes (Attributes)
--------------------------------   ----   ----   ------- ----- ------------
BIT_BANK                           0018   0000 =      0. bytes (REL,OVR)

      Value  Global                              Global Defined In Module
      -----  ---------------------------------   ------------------------
ASxxxx Linker V02.00 + NoICE + sdld,  page 17.
Hexadecimal

Area                               Addr   Size   Decimal Bytes (Attributes)
--------------------------------   ----   ----   ------- ----- ------------
DSEG                               0000   0080 =    128. bytes (REL,CON)

      Value  Global                              Global Defined In Module
      -----  ---------------------------------   ------------------------
            0008  _strl                            

ASxxxx Linker V02.00 + NoICE + sdld,  page 18.
Hexadecimal

Area                               Addr   Size   Decimal Bytes (Attributes)
--------------------------------   ----   ----   ------- ----- ------------
OSEG                               0012   0006 =      6. bytes (REL,OVR)

      Value  Global                              Global Defined In Module
      -----  ---------------------------------   ------------------------
            0012  __gptrput_PARM_2                 
            0012  _strcpy_PARM_2                   
            0015  _strcpy_d_1_1                    

ASxxxx Linker V02.00 + NoICE + sdld,  page 19.
Hexadecimal

Area                               Addr   Size   Decimal Bytes (Attributes)
--------------------------------   ----   ----   ------- ----- ------------
ISEG                               0000   0000 =      0. bytes (REL,CON)

      Value  Global                              Global Defined In Module
      -----  ---------------------------------   ------------------------
ASxxxx Linker V02.00 + NoICE + sdld,  page 20.
Hexadecimal

Area                               Addr   Size   Decimal Bytes (Attributes)
--------------------------------   ----   ----   ------- ----- ------------
SSEG                               0018   00E8 =    232. bytes (REL,OVR)

      Value  Global                              Global Defined In Module
      -----  ---------------------------------   ------------------------
            0018  __start__stack                   

ASxxxx Linker V02.00 + NoICE + sdld,  page 21.
Hexadecimal

Area                               Addr   Size   Decimal Bytes (Attributes)
--------------------------------   ----   ----   ------- ----- ------------
PSEG                               0000   0000 =      0. bytes (REL,CON,PAG,XDATA)

      Value  Global                              Global Defined In Module
      -----  ---------------------------------   ------------------------
ASxxxx Linker V02.00 + NoICE + sdld,  page 22.
Hexadecimal

Area                               Addr   Size   Decimal Bytes (Attributes)
--------------------------------   ----   ----   ------- ----- ------------
XSEG                               0000   0000 =      0. bytes (REL,CON,XDATA)

      Value  Global                              Global Defined In Module
      -----  ---------------------------------   ------------------------
ASxxxx Linker V02.00 + NoICE + sdld,  page 23.
Hexadecimal

Area                               Addr   Size   Decimal Bytes (Attributes)
--------------------------------   ----   ----   ------- ----- ------------
XISEG                              0000   0000 =      0. bytes (REL,CON,XDATA)

      Value  Global                              Global Defined In Module
      -----  ---------------------------------   ------------------------
ASxxxx Linker V02.00 + NoICE + sdld,  page 24.
Hexadecimal

Area                               Addr   Size   Decimal Bytes (Attributes)
--------------------------------   ----   ----   ------- ----- ------------
HOME                               0000   0008 =      8. bytes (REL,CON,CODE)

      Value  Global                              Global Defined In Module
      -----  ---------------------------------   ------------------------
       0C:  0003  __sdcc_program_startup           

ASxxxx Linker V02.00 + NoICE + sdld,  page 25.
Hexadecimal

Area                               Addr   Size   Decimal Bytes (Attributes)
--------------------------------   ----   ----   ------- ----- ------------
GSINIT0                            0008   0003 =      3. bytes (REL,CON,CODE)

      Value  Global                              Global Defined In Module
      -----  ---------------------------------   ------------------------
       0C:  0008  __sdcc_gsinit_startup            

ASxxxx Linker V02.00 + NoICE + sdld,  page 26.
Hexadecimal

Area                               Addr   Size   Decimal Bytes (Attributes)
--------------------------------   ----   ----   ------- ----- ------------
GSINIT1                            000B   0000 =      0. bytes (REL,CON,CODE)

      Value  Global                              Global Defined In Module
      -----  ---------------------------------   ------------------------
ASxxxx Linker V02.00 + NoICE + sdld,  page 27.
Hexadecimal

Area                               Addr   Size   Decimal Bytes (Attributes)
--------------------------------   ----   ----   ------- ----- ------------
GSINIT2                            000B   000A =     10. bytes (REL,CON,CODE)

      Value  Global                              Global Defined In Module
      -----  ---------------------------------   ------------------------
ASxxxx Linker V02.00 + NoICE + sdld,  page 28.
Hexadecimal

Area                               Addr   Size   Decimal Bytes (Attributes)
--------------------------------   ----   ----   ------- ----- ------------
GSINIT3                            0015   0022 =     34. bytes (REL,CON,CODE)

      Value  Global                              Global Defined In Module
      -----  ---------------------------------   ------------------------
       0C:  0015  __mcs51_genXINIT                 

ASxxxx Linker V02.00 + NoICE + sdld,  page 29.
Hexadecimal

Area                               Addr   Size   Decimal Bytes (Attributes)
--------------------------------   ----   ----   ------- ----- ------------
GSINIT4                            0037   002A =     42. bytes (REL,CON,CODE)

      Value  Global                              Global Defined In Module
      -----  ---------------------------------   ------------------------
       0C:  0037  __mcs51_genRAMCLEAR              
       0C:  003D  __mcs51_genXRAMCLEAR             

ASxxxx Linker V02.00 + NoICE + sdld,  page 30.
Hexadecimal

Area                               Addr   Size   Decimal Bytes (Attributes)
--------------------------------   ----   ----   ------- ----- ------------
GSINIT5                            0061   0000 =      0. bytes (REL,CON,CODE)

      Value  Global                              Global Defined In Module
      -----  ---------------------------------   ------------------------
ASxxxx Linker V02.00 + NoICE + sdld,  page 31.
Hexadecimal

Area                               Addr   Size   Decimal Bytes (Attributes)
--------------------------------   ----   ----   ------- ----- ------------
GSINIT                             0061   0000 =      0. bytes (REL,CON,CODE)

      Value  Global                              Global Defined In Module
      -----  ---------------------------------   ------------------------
ASxxxx Linker V02.00 + NoICE + sdld,  page 32.
Hexadecimal

Area                               Addr   Size   Decimal Bytes (Attributes)
--------------------------------   ----   ----   ------- ----- ------------
GSFINAL                            0061   0003 =      3. bytes (REL,CON,CODE)

      Value  Global                              Global Defined In Module
      -----  ---------------------------------   ------------------------
ASxxxx Linker V02.00 + NoICE + sdld,  page 33.
Hexadecimal

Area                               Addr   Size   Decimal Bytes (Attributes)
--------------------------------   ----   ----   ------- ----- ------------
CSEG                               0064   008B =    139. bytes (REL,CON,CODE)

      Value  Global                              Global Defined In Module
      -----  ---------------------------------   ------------------------
       0C:  0064  _main                            
       0C:  0076  _strcpy                          
       0C:  00B6  __gptrput                        
       0C:  00CF  __gptrget                        
       0C:  00EB  __sdcc_external_startup          

ASxxxx Linker V02.00 + NoICE + sdld,  page 34.
Hexadecimal

Area                               Addr   Size   Decimal Bytes (Attributes)
--------------------------------   ----   ----   ------- ----- ------------
CONST                              00EF   0008 =      8. bytes (REL,CON,CODE)

      Value  Global                              Global Defined In Module
      -----  ---------------------------------   ------------------------
ASxxxx Linker V02.00 + NoICE + sdld,  page 35.
Hexadecimal

Area                               Addr   Size   Decimal Bytes (Attributes)
--------------------------------   ----   ----   ------- ----- ------------
XINIT                              00F7   0000 =      0. bytes (REL,CON,CODE)

      Value  Global                              Global Defined In Module
      -----  ---------------------------------   ------------------------
ASxxxx Linker V02.00 + NoICE + sdld,  page 36.

Files Linked                              [ module(s) ]

teste.rel                                 [ 


Libraries Linked                          [ object file ]

C:\Program Files (x86)\SDCC\bin\..\lib\s  [ _strcpy.rel ]
C:\Program Files (x86)\SDCC\bin\..\lib\s  [ crtclear.rel ]
C:\Program Files (x86)\SDCC\bin\..\lib\s  [ crtxinit.rel ]
C:\Program Files (x86)\SDCC\bin\..\lib\s  [ _gptrput.rel ]
C:\Program Files (x86)\SDCC\bin\..\lib\s  [ crtxclear.rel ]
C:\Program Files (x86)\SDCC\bin\..\lib\s  [ crtpagesfr.rel ]
C:\Program Files (x86)\SDCC\bin\..\lib\s  [ crtstart.rel ]
C:\Program Files (x86)\SDCC\bin\..\lib\s  [ _gptrget.rel ]
C:\Program Files (x86)\SDCC\bin\..\lib\s  [ _startup.rel ]

ASxxxx Linker V02.00 + NoICE + sdld,  page 37.

User Base Address Definitions

HOME = 0x0000
ISEG = 0x0000
BSEG = 0x0000

